exports[`test renders correctly 1`] = `
<div
  className="dt-panel dt-question-container">
  <div
    className="dt-question-header">
    What is your current marital status?
  </div>
  <select
    className="survey-select"
    onChange={[Function]}
    value="">
    <option
      value="">
      Select a choice...
    </option>
    <option
      value="married">
      Married
    </option>
    <option
      value="widowed">
      Widowed
    </option>
    <option
      value="single">
      Single
    </option>
    <option
      value="divorced">
      Divorced
    </option>
  </select>
</div>
`;
